
> vite_react_shadcn_ts@0.0.0 build
> vite build

[36mvite v5.4.19 [32mbuilding for production...[36m[39m
transforming...
[32mΓ£ô[39m 4374 modules transformed.
rendering chunks...
computing gzip size...
[2mdist/[22m[32mregisterSW.js                         [39m[1m[2m    0.14 kB[22m[1m[22m
[2mdist/[22m[32mindex.html                            [39m[1m[2m    2.71 kB[22m[1m[22m[2m Γöé gzip:   0.98 kB[22m
[2mdist/[22m[32massets/hardware-printer-BrJr4DkN.jpg  [39m[1m[2m   22.60 kB[22m[1m[22m
[2mdist/[22m[32massets/hardware-scanner-DSq0gfTn.png  [39m[1m[2m  374.88 kB[22m[1m[22m
[2mdist/[22m[32massets/kabejja-logo-DPXDu4Cz.png      [39m[1m[2m1,114.28 kB[22m[1m[22m
[2mdist/[22m[32massets/hero2-CDJn0LK9.png             [39m[1m[2m1,528.50 kB[22m[1m[22m
[2mdist/[22m[32massets/hero1-gQCf0xpg.png             [39m[1m[2m1,632.07 kB[22m[1m[22m
[2mdist/[22m[35massets/index-Dt5web3E.css             [39m[1m[2m  140.33 kB[22m[1m[22m[2m Γöé gzip:  21.36 kB[22m
[2mdist/[22m[36massets/index-LCLWaV8p.js              [39m[1m[33m3,541.97 kB[39m[22m[2m Γöé gzip: 865.34 kB[22m
node.exe : [33m
At line:1 char:1
+ & "C:\Program Files\
nodejs/node.exe" 
"C:\Program 
Files\nodejs/node_mo 
...
+ ~~~~~~~~~~~~~~~~~~~~
~~~~~~~~~~~~~~~~~~~~~~
~~~~~~~~~~~~~~~~~~~~~~
~~~~~
    + CategoryInfo    
          : NotSpeci  
  fied: ([33m:Stri   
 ng) [], RemoteExc    
eption
    + FullyQualifiedE 
   rrorId : NativeCo  
  mmandError
 
(!) Some chunks are 
larger than 500 kB 
after minification. 
Consider:
- Using dynamic 
import() to 
code-split the 
application
- Use build.rollupOpti
ons.output.manualChunk
s to improve 
chunking: https://roll
upjs.org/configuration
-options/#output-manua
lchunks
- Adjust chunk size 
limit for this 
warning via build.chun
kSizeWarningLimit.[39
m
[32mΓ£ô built in 36.25s[39m

PWA v1.2.0
mode      generateSW
precache  19 entries (8339.84 KiB)
files generated
  dist/sw.js
  dist/workbox-57649e2b.js
